Microchip MPLAB XC8 Compiler V2.40

Linker command line:

-W-3 \
  --edf=C:\Program Files\Microchip\xc8\v2.40\pic\dat\20220703182018_en.msgs \
  -cn -h+dist/default/production\Lab8.X.production.sym \
  --cmf=dist/default/production\Lab8.X.production.cmf -z -Q16F887 \
  -oC:\Users\AMILCA~1\AppData\Local\Temp\xcAsg4o.4 --defsym=__MPLAB_BUILD=1 \
  --fixupoverflow=error -Mdist/default/production/Lab8.X.production.map \
  --md=C:\Users\AMILCA~1\AppData\Local\Temp\xcAsg4o.dat -E1 \
  -ver=XC8 Compiler --acfsm=1493 -ACODE=00h-07FFhx4 -ASTRCODE=00h-01FFFh \
  -ASTRING=00h-0FFhx32 -ACONST=00h-0FFhx32 -AENTRY=00h-0FFhx32 \
  -ACOMMON=070h-07Fh -ABANK0=020h-06Fh -ABANK1=0A0h-0EFh \
  -ABANK2=0110h-016Fh -ABANK3=0190h-01EFh \
  -ARAM=020h-06Fh,0A0h-0EFh,0110h-016Fh,0190h-01EFh \
  -AABS1=020h-07Fh,0A0h-0EFh,0110h-016Fh,0190h-01EFh -ASFR0=00h-01Fh \
  -ASFR1=080h-09Fh -ASFR2=0100h-010Fh -ASFR3=0180h-018Fh \
  -ACONFIG=02007h-02008h -DCONFIG=2 -AIDLOC=02000h-02003h -DIDLOC=2 \
  -AEEDATA=00h-0FFh/02100h -peeprom_data=EEDATA -DEEDATA=2 -DCODE=2 \
  -DSTRCODE=2 -DSTRING=2 -DCONST=2 -DENTRY=2 \
  -preset_vec=00h,intentry=04h,init,end_init -ppowerup=CODE -pcinit=CODE \
  -pfunctab=ENTRY -k C:\Users\AMILCA~1\AppData\Local\Temp\xcAsg4o.o \
  dist/default/production\Lab8.X.production.o 

Object code version is 3.11

Machine type is 16F887



                Name                               Link     Load   Length Selector   Space Scale
C:\Users\AMILCA~1\AppData\Local\Temp\xcAsg4o.o
                end_init                              C        C        3        8       0
                reset_vec                             0        0        3        0       0
                config                             2007     2007        2        0       4
                idloc                              2000     2000        4        0       5
dist/default/production\Lab8.X.production.o
                cinit                                 F        F        9        8       0
                intentry                              4        4        8        8       0
                config                             2007     2007        2        0       4
                idloc                              2000     2000        4        0       5
                text7                               563      563       16      4AC       0
                text6                               53F      53F       24      4AC       0
                text5                               419      419       5C      4AC       0
                text4                               475      475       48      4AC       0
                text3                               4BD      4BD       46      4AC       0
                text2                               503      503       3C      4AC       0
                text1                               256      256       F0      4AC       0
                maintext                            346      346       D3      4AC       0
                cstackBANK0                          20       20       1B       20       1
                cstackCOMMON                         70       70        A       70       1
                bssBANK0                             3B       3B        3       20       1
                stringtext                          100      100      156        2       0

TOTAL           Name                               Link     Load   Length     Space
        CLASS   CODE           
                end_init                              C        C        3         0
                cinit                                 F        F        9         0
                intentry                              4        4        8         0
                reset_vec                             0        0        3         0
                text7                               563      563       16         0
                text6                               53F      53F       24         0
                text5                               419      419       5C         0
                text4                               475      475       48         0
                text3                               4BD      4BD       46         0
                text2                               503      503       3C         0
                text1                               256      256       F0         0
                maintext                            346      346       D3         0

        CLASS   STRCODE        
                stringtext                          100      100      156         0

        CLASS   STRING         

        CLASS   CONST          

        CLASS   ENTRY          

        CLASS   COMMON         
                cstackCOMMON                         70       70        A         1

        CLASS   BANK0          
                cstackBANK0                          20       20       1B         1
                bssBANK0                             3B       3B        3         1

        CLASS   BANK1          

        CLASS   BANK2          

        CLASS   BANK3          

        CLASS   RAM            

        CLASS   ABS1           
                abs_s1                               7E       7E        2         1

        CLASS   SFR0           

        CLASS   SFR1           

        CLASS   SFR2           

        CLASS   SFR3           

        CLASS   CONFIG         
                config                             2007     2007        2         4

        CLASS   IDLOC          
                idloc                              2000     2000        4         5

        CLASS   EEDATA         

        CLASS   STACK          



SEGMENTS        Name                           Load    Length   Top    Selector   Space  Class     Delta

                reset_vec                      000000  000003  000003         0       0  CODE        2
                intentry                       000004  000014  000018         8       0  CODE        2
                cstackBANK0                    000020  00001E  00003E        20       1  BANK0       1
                cstackCOMMON                   000070  00000A  00007A        70       1  COMMON      1
                stringtext                     000100  000156  000256         2       0  STRCODE     2
                text1                          000256  000323  000579       4AC       0  CODE        2


UNUSED ADDRESS RANGES

        Name                Unused          Largest block    Delta
        BANK0            003E-006F             32           1
        BANK1            00A0-00EF             50           1
        BANK2            0110-016F             60           1
        BANK3            0190-01EF             60           1
        CODE             0003-0003              1           2
                         0018-00FF             E8
                         0579-1FFF            800
        COMMON           007A-007D              4           1
        CONST            0003-0003              1           2
                         0018-00FF             E8
                         0579-1FFF            100
        EEDATA           2100-21FF            100           2
        ENTRY            0003-0003              1           2
                         0018-00FF             E8
                         0579-1FFF            100
        RAM              003E-006F             32           1
                         00A0-00EF             50
                         0110-016F             60
                         0190-01EF             60
        SFR0             0000-001F             20           1
        SFR1             0080-009F             20           1
        SFR2             0100-010F             10           1
        SFR3             0180-018F             10           1
        STRCODE          0003-0003              1           2
                         0018-00FF             E8
                         0579-1FFF           1A87
        STRING           0003-0003              1           2
                         0018-00FF             E8
                         0579-1FFF            100

                                  Symbol Table

?___lwdiv                cstackCOMMON 0074
?___lwmod                cstackBANK0  0023
?_sprintf                cstackBANK0  0028
?_strlen                 cstackCOMMON 0074
_ADCON0bits              (abs)        001F
_ADCON1bits              (abs)        009F
_ADIF                    (abs)        0066
_ADRESH                  (abs)        001E
_ANSEL                   (abs)        0188
_ANSELH                  (abs)        0189
_ANSELbits               (abs)        0188
_BAUDCTLbits             (abs)        0187
_INTCONbits              (abs)        000B
_OSCCONbits              (abs)        008F
_PIE1bits                (abs)        008C
_PIR1bits                (abs)        000C
_PORTB                   (abs)        0006
_PORTD                   (abs)        0008
_RCREG                   (abs)        001A
_RCSTAbits               (abs)        0018
_SPBRG                   (abs)        0099
_SPBRGH                  (abs)        009A
_TRISAbits               (abs)        0085
_TRISB                   (abs)        0086
_TRISD                   (abs)        0088
_TXREG                   (abs)        0019
_TXSTAbits               (abs)        0098
__Habs1                  abs1         0000
__Hbank0                 bank0        0000
__Hbank1                 bank1        0000
__Hbank2                 bank2        0000
__Hbank3                 bank3        0000
__HbssBANK0              bssBANK0     0000
__Hcinit                 cinit        0018
__Hclrtext               clrtext      0000
__Hcode                  code         0000
__Hcommon                common       0000
__Hconfig                config       2009
__HcstackBANK0           cstackBANK0  0000
__HcstackCOMMON          cstackCOMMON 0000
__Heeprom_data           eeprom_data  0000
__Hend_init              end_init     000F
__Hfunctab               functab      0000
__Hidloc                 idloc        2004
__Hinit                  init         000C
__Hintentry              intentry     000C
__Hmaintext              maintext     0000
__Hpowerup               powerup      0000
__Hram                   ram          0000
__Hreset_vec             reset_vec    0003
__Hsfr0                  sfr0         0000
__Hsfr1                  sfr1         0000
__Hsfr2                  sfr2         0000
__Hsfr3                  sfr3         0000
__Hspace_0               (abs)        0579
__Hspace_1               (abs)        007A
__Hspace_2               (abs)        0000
__Hspace_3               (abs)        0000
__Hspace_4               (abs)        4010
__Hstack                 stack        0000
__Hstrings               strings      0000
__Hstringtext            stringtext   0000
__Htext                  text         0000
__Labs1                  abs1         0000
__Lbank0                 bank0        0000
__Lbank1                 bank1        0000
__Lbank2                 bank2        0000
__Lbank3                 bank3        0000
__LbssBANK0              bssBANK0     0000
__Lcinit                 cinit        000F
__Lclrtext               clrtext      0000
__Lcode                  code         0000
__Lcommon                common       0000
__Lconfig                config       0000
__LcstackBANK0           cstackBANK0  0000
__LcstackCOMMON          cstackCOMMON 0000
__Leeprom_data           eeprom_data  0000
__Lend_init              end_init     000C
__Lfunctab               functab      0000
__Lidloc                 idloc        0000
__Linit                  init         000C
__Lintentry              intentry     0004
__Lmaintext              maintext     0000
__Lpowerup               powerup      0000
__Lram                   ram          0000
__Lreset_vec             reset_vec    0000
__Lsfr0                  sfr0         0000
__Lsfr1                  sfr1         0000
__Lsfr2                  sfr2         0000
__Lsfr3                  sfr3         0000
__Lspace_0               (abs)        0000
__Lspace_1               (abs)        0000
__Lspace_2               (abs)        0000
__Lspace_3               (abs)        0000
__Lspace_4               (abs)        0000
__Lstack                 stack        0000
__Lstrings               strings      0000
__Lstringtext            stringtext   0000
__Ltext                  text         0000
__S0                     (abs)        0579
__S1                     (abs)        007A
__S3                     (abs)        0000
___int_sp                stack        0000
___latbits               (abs)        0002
___lwdiv                 text3        04BD
___lwdiv@counter         cstackBANK0  0022
___lwdiv@dividend        cstackCOMMON 0076
___lwdiv@divisor         cstackCOMMON 0074
___lwdiv@quotient        cstackBANK0  0020
___lwmod                 text2        0503
___lwmod@counter         cstackBANK0  0027
___lwmod@dividend        cstackBANK0  0025
___lwmod@divisor         cstackBANK0  0023
___sp                    stack        0000
___stackhi               (abs)        0000
___stacklo               (abs)        0000
__end_of___lwdiv         text3        0503
__end_of___lwmod         text2        053F
__end_of__initialization cinit        0014
__end_of__stringtab      stringtext   0112
__end_of_data            stringtext   0246
__end_of_data1           stringtext   01A2
__end_of_data2           stringtext   020E
__end_of_data3           stringtext   0238
__end_of_data4           stringtext   0225
__end_of_data5           stringtext   01D2
__end_of_data6           stringtext   01F2
__end_of_data7           stringtext   0253
__end_of_dpowers         stringtext   011C
__end_of_isr             text7        0579
__end_of_main            maintext     0419
__end_of_menu            stringtext   0160
__end_of_num1            stringtext   0250
__end_of_num2            stringtext   024B
__end_of_print_string    text5        0475
__end_of_setup           text4        04BD
__end_of_sprintf         text1        0346
__end_of_strlen          text6        0563
__initialization         cinit        000F
__pbssBANK0              bssBANK0     003B
__pcstackBANK0           cstackBANK0  0020
__pcstackCOMMON          cstackCOMMON 0070
__pintentry              intentry     0004
__pmaintext              maintext     0346
__pstringtext            stringtext   0100
__ptext1                 text1        0256
__ptext2                 text2        0503
__ptext3                 text3        04BD
__ptext4                 text4        0475
__ptext5                 text5        0419
__ptext6                 text6        053F
__ptext7                 text7        0563
__stringbase             stringtext   0112
__stringtab              stringtext   0100
_ans                     bssBANK0     003B
_data                    stringtext   0238
_data1                   stringtext   0160
_data2                   stringtext   01F2
_data3                   stringtext   0225
_data4                   stringtext   020E
_data5                   stringtext   01A2
_data6                   stringtext   01D2
_data7                   stringtext   0250
_dpowers                 stringtext   0112
_isr                     text7        0563
_main                    maintext     0346
_menu                    stringtext   011C
_num1                    stringtext   024B
_num2                    stringtext   0246
_pot                     bssBANK0     003D
_print_string            text5        0419
_setup                   text4        0475
_sprintf                 text1        0256
_strlen                  text6        053F
btemp                    (abs)        007E
end_of_initialization    cinit        0014
interrupt_function       intentry     0004
intlevel0                functab      0000
intlevel1                functab      0000
intlevel2                functab      0000
intlevel3                functab      0000
intlevel4                functab      0000
intlevel5                functab      0000
main@adc_value_1         cstackBANK0  0039
print_string@cadena      cstackCOMMON 0078
print_string@i           cstackBANK0  0025
print_string@largo       cstackBANK0  0023
reset_vec                reset_vec    0000
saved_w                  (abs)        007E
sprintf@ap               cstackBANK0  0030
sprintf@c                cstackBANK0  0036
sprintf@f                cstackBANK0  0028
sprintf@flag             cstackBANK0  0031
sprintf@prec             cstackBANK0  0032
sprintf@sp               cstackBANK0  0035
sprintf@val              cstackBANK0  0033
start                    init         000C
start_initialization     cinit        000F
strlen@cp                cstackCOMMON 0076
strlen@s                 cstackCOMMON 0074
wtemp0                   (abs)        007E


MODULE INFORMATION

Module		Function		Class		Link	Load	Size
C:\Program Files\Microchip\xc8\v2.40\pic\sources\c90\common\strlen.c
		_strlen        		CODE           	053F	0000	36

C:\Program Files\Microchip\xc8\v2.40\pic\sources\c90\common\strlen.c estimated size: 36

C:\Program Files\Microchip\xc8\v2.40\pic\sources\c90\common\doprnt.c
		_sprintf       		CODE           	0256	0000	240

C:\Program Files\Microchip\xc8\v2.40\pic\sources\c90\common\doprnt.c estimated size: 240

C:\Program Files\Microchip\xc8\v2.40\pic\sources\c90\common\lwmod.c
		___lwmod       		CODE           	0503	0000	60

C:\Program Files\Microchip\xc8\v2.40\pic\sources\c90\common\lwmod.c estimated size: 60

shared
		_data7         		STRCODE        	0250	0000	3
		__stringtab    		STRCODE        	0100	0000	18
		_data2         		STRCODE        	01F2	0000	28
		_menu          		STRCODE        	011C	0000	68
		_dpowers       		STRCODE        	0112	0000	10
		_data3         		STRCODE        	0225	0000	19
		__initialization		CODE           	000F	0000	5
		_data4         		STRCODE        	020E	0000	23
		_data          		STRCODE        	0238	0000	14
		_num1          		STRCODE        	024B	0000	5
		_data5         		STRCODE        	01A2	0000	48
		_num2          		STRCODE        	0246	0000	5
		_data6         		STRCODE        	01D2	0000	32
		_data1         		STRCODE        	0160	0000	66

shared estimated size: 344

mainPostLab8.c
		_main          		CODE           	0346	0000	211
		_print_string  		CODE           	0419	0000	92
		_isr           		CODE           	0563	0000	22
		_setup         		CODE           	0475	0000	72

mainPostLab8.c estimated size: 397

C:\Program Files\Microchip\xc8\v2.40\pic\sources\c90\common\lwdiv.c
		___lwdiv       		CODE           	04BD	0000	70

C:\Program Files\Microchip\xc8\v2.40\pic\sources\c90\common\lwdiv.c estimated size: 70

